// Jest Snapshot v1, https://goo.gl/fbAQLP

exports[`App Test renders App 1`] = `
<Fragment>
  <ColorPicker
    selectedColorButton={[Function]}
  />
  <ColorDisplay
    color=""
  />
</Fragment>
`;
